../Drivers/Src/stm32f103xx_gpio_driver.cpp:10:1:GPIO::GPIO(GPIO_Handle_t)	24	static
../Drivers/Src/stm32f103xx_gpio_driver.cpp:16:6:void GPIO::GPIO_PeriCockControl(uint8_t)	16	static
../Drivers/Src/stm32f103xx_gpio_driver.cpp:70:6:void GPIO::GPIO_Init()	32	static
../Drivers/Src/stm32f103xx_gpio_driver.cpp:136:6:void GPIO::GPIO_DeInit()	16	static
../Drivers/Src/stm32f103xx_gpio_driver.cpp:165:9:uint8_t GPIO::GPIO_ReadFromInputPin()	24	static
../Drivers/Src/stm32f103xx_gpio_driver.cpp:174:10:uint16_t GPIO::GPIO_ReadFromInputPort()	24	static
../Drivers/Src/stm32f103xx_gpio_driver.cpp:183:6:void GPIO::GPIO_WriteToOuputPin(uint8_t)	16	static
../Drivers/Src/stm32f103xx_gpio_driver.cpp:194:6:void GPIO::GPIO_WriteToOutputPort(uint16_t)	16	static
../Drivers/Src/stm32f103xx_gpio_driver.cpp:199:6:void GPIO::GPIO_ToggleOutputPin()	16	static
../Drivers/Src/stm32f103xx_gpio_driver.cpp:207:6:void GPIO::GPIO_IRQInterruptConfig(uint8_t, uint8_t)	16	static
../Drivers/Src/stm32f103xx_gpio_driver.cpp:241:6:void GPIO::GPIO_IRQPriorityConfig(uint32_t, uint8_t)	32	static
../Drivers/Src/stm32f103xx_gpio_driver.cpp:251:6:void GPIO::GPIO_ISRHandling(uint8_t)	16	static
